current directory: /Users/daniehalghazouli/maya/hw-hello-rails/vendor/bundle/ruby/4.0.0/gems/date-3.6.0/ext/date
/opt/homebrew/opt/ruby/bin/ruby extconf.rb
checking for rb_category_warn()... yes
checking for timezone in time.h with -Werror... yes
checking for altzone in time.h with -Werror... no
checking for rb_gc_mark_movable() in ruby.h... yes
checking for RUBY_TYPED_EMBEDDABLE in ruby.h... yes
creating Makefile

current directory: /Users/daniehalghazouli/maya/hw-hello-rails/vendor/bundle/ruby/4.0.0/gems/date-3.6.0/ext/date
make -j3 DESTDIR\= sitearchdir\=./.gem.20261008-88757-aqj9oa sitelibdir\=./.gem.20261008-88757-aqj9oa clean

current directory: /Users/daniehalghazouli/maya/hw-hello-rails/vendor/bundle/ruby/4.0.0/gems/date-3.6.0/ext/date
make -j3 DESTDIR\= sitearchdir\=./.gem.20261008-88757-aqj9oa sitelibdir\=./.gem.20261008-88757-aqj9oa
compiling date_core.c
compiling date_parse.c
compiling date_strftime.c
compiling date_strptime.c
linking shared-object date_core.bundle

current directory: /Users/daniehalghazouli/maya/hw-hello-rails/vendor/bundle/ruby/4.0.0/gems/date-3.6.0/ext/date
make -j3 DESTDIR\= sitearchdir\=./.gem.20261008-88757-aqj9oa sitelibdir\=./.gem.20261008-88757-aqj9oa install
/usr/bin/install -c -m 0755 date_core.bundle ./.gem.20261008-88757-aqj9oa

current directory: /Users/daniehalghazouli/maya/hw-hello-rails/vendor/bundle/ruby/4.0.0/gems/date-3.6.0/ext/date
make DESTDIR\= sitearchdir\=./.gem.20261008-88757-aqj9oa sitelibdir\=./.gem.20261008-88757-aqj9oa clean
