current directory: /Users/daniehalghazouli/maya/hw-hello-rails/vendor/bundle/ruby/4.0.0/gems/io-console-0.9.4/ext/io/console
/opt/homebrew/opt/ruby/bin/ruby extconf.rb
checking for rb_interned_str_cstr()... yes
checking for rb_ractor_local_storage_value_newkey()... yes
checking for rb_io_descriptor() in ruby/io.h... yes
checking for rb_io_path() in ruby/io.h... yes
checking for rb_io_closed_p() in ruby/io.h... yes
checking for rb_io_open_descriptor() in ruby/io.h... yes
checking for termios.h... yes
checking for cfmakeraw() in termios.h... yes
checking for sys/ioctl.h... yes
checking for HAVE_RUBY_FIBER_SCHEDULER_H... yes
checking for rb_category_warn()... yes
checking for RB_WARN_CATEGORY_DEPRECATED... yes
checking for ttyname_r()... yes
checking for type of ttyname_r()... int
checking for rb_prepend_module()... yes
checking for gperf... yes
creating Makefile

current directory: /Users/daniehalghazouli/maya/hw-hello-rails/vendor/bundle/ruby/4.0.0/gems/io-console-0.9.4/ext/io/console
make -j3 DESTDIR\= sitearchdir\=./.gem.20261008-88757-a7ff5r sitelibdir\=./.gem.20261008-88757-a7ff5r clean

current directory: /Users/daniehalghazouli/maya/hw-hello-rails/vendor/bundle/ruby/4.0.0/gems/io-console-0.9.4/ext/io/console
make -j3 DESTDIR\= sitearchdir\=./.gem.20261008-88757-a7ff5r sitelibdir\=./.gem.20261008-88757-a7ff5r
compiling console.c
linking shared-object io/console.bundle

current directory: /Users/daniehalghazouli/maya/hw-hello-rails/vendor/bundle/ruby/4.0.0/gems/io-console-0.9.4/ext/io/console
make -j3 DESTDIR\= sitearchdir\=./.gem.20261008-88757-a7ff5r sitelibdir\=./.gem.20261008-88757-a7ff5r install
/usr/bin/install -c -m 0755 console.bundle ./.gem.20261008-88757-a7ff5r/io

current directory: /Users/daniehalghazouli/maya/hw-hello-rails/vendor/bundle/ruby/4.0.0/gems/io-console-0.9.4/ext/io/console
make DESTDIR\= sitearchdir\=./.gem.20261008-88757-a7ff5r sitelibdir\=./.gem.20261008-88757-a7ff5r clean
